Test 1: Category Video_games
   rating                                               text parent_asin  \
0     4.0  I’m playing on ps5 and it’s interesting.  It’s...  B07DK1H3H5   
1     5.0  Nostalgic fun.  A bit slow.  I hope they don’t...  B07SRWRH5D   

                 timestamp  
0  2020-12-17 06:33:24.795  
1  2020-04-16 15:31:54.941  

Test 2: Wrong category
Category nonexistent_category doesn't exist.

Test 3: min_reviews_per_product = 50
   rating                                               text parent_asin  \
0     4.0  I’m playing on ps5 and it’s interesting.  It’s...  B07DK1H3H5   
1     5.0  Nostalgic fun.  A bit slow.  I hope they don’t...  B07SRWRH5D   

                 timestamp  
0  2020-12-17 06:33:24.795  
1  2020-04-16 15:31:54.941  

Test 4: min_reviews_per_product = 'abc'
abc should be positivie integer.

Test 5: search_value ='Nintendo' 
   rating                                               text parent_asin  \
0     5.0  These work great, They use batteries which is ...  B0BCHWZX95   
1     5.0  I bought this as a Christmas present to my gra...  B003ZTTCBQ   

                 timestamp  
0  2019-12-29 16:40:34.017  
1  2011-02-04 08:08:21.000  

Test 6: Wrong search_value = 123
123 should be a string.

Test 7: store = 'Aerosoft'
   rating                                     text parent_asin  \
0     5.0            Made by PMDG need I say more.  B001AI7APO   
1     5.0  Awesome one of the best flightsims out.  B006NU6HAS   

                 timestamp  
0  2014-09-24 00:30:25.000  
1  2014-09-24 00:28:25.000  

Test 8: Not existing store
Store Wrong Store doesn't exist.

Test 9: min_average_rating = 3.5
   rating                                               text parent_asin  \
0     5.0  Nostalgic fun.  A bit slow.  I hope they don’t...  B07SRWRH5D   
1     5.0  These work great, They use batteries which is ...  B0BCHWZX95   

                 timestamp  
0  2020-04-16 15:31:54.941  
1  2019-12-29 16:40:34.017  

Test 10: min_average_rating=6
6 should be anumber beetwen 1 and 5

Test 11: start_date='2023-01-01' i end_date='2023-06-01' 
   rating                                               text parent_asin  \
0     3.0  The single best thing about this controller is...  B0BQ7CZJ5Z   
1     5.0                                               Good  B09GJMG6TJ   

                timestamp  
0 2023-02-12 17:45:29.216  
1 2023-01-11 21:10:34.770  

Test 12: Wrong data (13 month)
Wrong date format.

Test 13: min_text_length = 2
   rating                                               text parent_asin  \
0     4.0  I’m playing on ps5 and it’s interesting.  It’s...  B07DK1H3H5   
1     5.0  Nostalgic fun.  A bit slow.  I hope they don’t...  B07SRWRH5D   

                 timestamp  
0  2020-12-17 06:33:24.795  
1  2020-04-16 15:31:54.941  

Test 14: min_text_length = -2
-2 should be positivie integer.

